<?xml version="1.0" encoding="UTF-8"?>
<testsuites name="jest tests" tests="1" failures="0" errors="0" time="37.242">
  <testsuite name="jupydeep" errors="0" failures="0" skipped="0" timestamp="2026-08-07T22:01:42" time="35.775" tests="1">
    <testcase classname="jupydeep should be tested" name="jupydeep should be tested" time="0.004">
    </testcase>
  </testsuite>
</testsuites>
